[0x01, 0x01, 0x00, 0x01, 0x02, 0x00, 0x00, 0x01, 0x03, 0x01, 0x04, 0x01, 0x05, 0x00, 0x01, 0x06, 0x01, 0x01, 0x00, 0x01, 0x02, 0x00, 0x00, 0x01, 0x03, 0x01, 0x04, 0x01, 0x05, 0x00, 0x01, 0x06, 0x01, 0x01, 0x00, 0x01, 0x02, 0x00, 0x00, 0x01, 0x03, 0x01, 0x04, 0x01, 0x05, 0x00, 0x01, 0x06, 0x01, 0x01, 0x00, 0x01, 0x02, 0x00, 0x00, 0x01, 0x03, 0x01, 0x04, 0x01, 0x05, 0x00, 0x01, 0x06, 0x01, 0x01, 0x00, 0x01, 0x02, 0x00, 0x00, 0x01, 0x03, 0x01, 0x04, 0x01, 0x05, 0x00, 0x01, 0x06, 0x01, 0x01, 0x00, 0x01, 0x02, 0x00, 0x00, 0x01, 0x03, 0x01, 0x04, 0x01, 0x05, 0x00, 0x01, 0x06, 0x01, 0x01, 0x00, 0x01, 0x02, 0x00, 0x00, 0x01, 0x03, 0x01, 0x04, 0x01, 0x05, 0x00, 0x01, 0x06, 0x01, 0x01, 0x00, 0x01, 0x02, 0x00, 0x00, 0x01, 0x03, 0x01, 0x04, 0x01, 0x05, 0x00, 0x01, 0x06, 0x01, 0x01, 0x00, 0x01, 0x02, 0x00, 0x00, 0x01, 0x03, 0x01, 0x04, 0x01, 0x05, 0x00, 0x01, 0x06, 0x01, 0x01, 0x00, 0x01, 0x02, 0x00, 0x00, 0x01, 0x03, 0x01, 0x04, 0x01, 0x05, 0x00, 0x01, 0x06, 0x01, 0x01, 0xaa, 0xaa, 0x02, 0x02, 0xaa, 0xaa, 0xaa, 0xaa, 0x03, 0x03, 0x04, 0x04, 0x05, 0x05, 0xaa, 0xaa, 0x06, 0x06, 0x01, 0x01, 0xaa, 0xaa, 0x02, 0x02, 0xaa, 0xaa, 0xaa, 0xaa, 0x03, 0x03, 0x04, 0x04, 0x05, 0x05, 0xaa, 0xaa, 0x06, 0x06]
[Valid   1, Invalid, Valid   2, Invalid, Invalid, Valid   3, Valid   4, Valid   5, Invalid, Valid   6, Valid   1, Invalid, Valid   2, Invalid, Invalid, Valid   3, Valid   4, Valid   5, Invalid, Valid   6, Valid   1, Invalid, Valid   2, Invalid, Invalid, Valid   3, Valid   4, Valid   5, Invalid, Valid   6, Valid   1, Invalid, Valid   2, Invalid, Invalid, Valid   3, Valid   4, Valid   5, Invalid, Valid   6, Valid   1, Invalid, Valid   2, Invalid, Invalid, Valid   3, Valid   4, Valid   5, Invalid, Valid   6, Valid   1, Invalid, Valid   2, Invalid, Invalid, Valid   3, Valid   4, Valid   5, Invalid, Valid   6, Valid   1, Invalid, Valid   2, Invalid, Invalid, Valid   3, Valid   4, Valid   5, Invalid, Valid   6, Valid   1, Invalid, Valid   2, Invalid, Invalid, Valid   3, Valid   4, Valid   5, Invalid, Valid   6, Valid   1, Invalid, Valid   2, Invalid, Invalid, Valid   3, Valid   4, Valid   5, Invalid, Valid   6, Valid   1, Invalid, Valid   2, Invalid, Invalid, Valid   3, Valid   4, Valid   5, Invalid, Valid   6]
