SizedVector {size=1; items=[0x00]}
SizedVector {size=1; items=[0x01]}
SizedVector {size=1; items=[0x02]}
SizedVector {size=1; items=[0x03]}
SizedVector {size=3; items=[0x01, 0x12, 0x34]}
SizedVector {size=1; items=[0x00, 0xaa, 0xaa]}
SizedVector {size= 6; items=[0x01, 0x04, 0x00, 0x01, 0x06, 0x00, 0xaa, 0xaa]}
[Valid   4, Invalid, Valid   6, Invalid]
ThingMsg {thing=Thing {w=[   1,    2]; x=  1; y=  2; z=  4660}; swapXY=False; deltaZ=  8}
SizedVector {size= 8; items=[0x01, 0x02, 0x01, 0x02, 0x12, 0x34, 0x00, 0x08]}
0x0102010212340008
Called test_fn 102010212340008
Unpacked msg: 1 2 1 2 4660 0 8
res: 9 10 1 2 4668
Packed res: 90a0102123c
0x090a0102123c
[0x3c, 0x12, 0x02, 0x01, 0x0a, 0x09]
Thing {w=[   9,   10]; x=  1; y=  2; z=  4668}
ThingMsg {thing=Thing {w=[   1,    2]; x=  1; y=  2; z=  4660}; swapXY=True; deltaZ= -8}
SizedVector {size= 8; items=[0x01, 0x02, 0x01, 0x02, 0x12, 0x34, 0x01, 0x18]}
0x0102010212340118
Called test_fn 102010212340118
Unpacked msg: 1 2 1 2 4660 1 -8
res: -7 -6 2 1 4652
Packed res: f9fa0201122c
0xf9fa0201122c
[0x2c, 0x12, 0x01, 0x02, 0xfa, 0xf9]
Thing {w=[  -7,   -6]; x=  2; y=  1; z=  4652}
